C51 COMPILER V9.54   HARDWARE                                                              03/16/2024 16:23:15 PAGE 1   


C51 COMPILER V9.54, COMPILATION OF MODULE HARDWARE
OBJECT MODULE PLACED IN .\Objects\hardware.obj
COMPILER INVOKED BY: E:\APP\Keil 5\C51\BIN\C51.EXE hardware.c OPTIMIZE(8,SPEED) BROWSE DEBUG OBJECTEXTEND PRINT(.\Listin
                    -gs\hardware.lst) TABS(2) OBJECT(.\Objects\hardware.obj)

line level    source

   1          #include <STC15F2K60S2.H>
   2          #include "hardware.h"
   3          
   4          
   5          /*************  本地常量声明    **************/
   6          u8 code t_display[]={                       //标准字库
   7          //   0    1    2    3    4    5    6    7    8    9    A    B    C    D    E    F
   8              0x3F,0x06,0x5B,0x4F,0x66,0x6D,0x7D,0x07,0x7F,0x6F,0x77,0x7C,0x39,0x5E,0x79,0x71,
   9          //black  -     H    J    K    L    N    o   P    U     t    G    Q    r   M    y
  10              0x00,0x40,0x76,0x1E,0x70,0x38,0x37,0x5C,0x73,0x3E,0x78,0x3d,0x67,0x50,0x37,0x6e,
  11              0xBF,0x86,0xDB,0xCF,0xE6,0xED,0xFD,0x87,0xFF,0xEF,0x46};    //0. 1. 2. 3. 4. 5. 6. 7. 8. 9. -1
  12          
  13          u8 code T_COM[]={0x01,0x02,0x04,0x08,0x10,0x20,0x40,0x80};      //位码
  14          
  15          u8 display[][8]=
  16          {
  17            {10,16,16,16,16,16,16,16}//测距界面
  18          };
  19          
  20          u8 *digs=display;
  21          u8 led=0xff;
  22          u8 n=0;
  23          
  24          void close()
  25          {
  26   1        P2=0X00;
  27   1        
  28   1        P0=0X00;
  29   1        P2|=0XA0;
  30   1        P2&=0X1F;
  31   1        
  32   1        P0=0XFF;
  33   1        P2|=0X80;
  34   1        P2&=0X1F;
  35   1      }
  36          
  37          void seg_dis()
  38          {
  39   1        P0=0X00;
  40   1        P2|=0XC0;
  41   1        P2&=0X1F;
  42   1        
  43   1        P0=~t_display[digs[n]];
  44   1        P2|=0XE0;
  45   1        P2&=0X1F;
  46   1        
  47   1        P0=T_COM[n];
  48   1        P2|=0XC0;
  49   1        P2&=0X1F;
  50   1        
  51   1        if(++n>7)
  52   1          n=0;
  53   1      }

C51 COMPILER V9.54   HARDWARE                                                              03/16/2024 16:23:15 PAGE 2   


MODULE INFORMATION:   STATIC OVERLAYABLE
   CODE SIZE        =     84    ----
   CONSTANT SIZE    =     51    ----
   XDATA SIZE       =   ----    ----
   PDATA SIZE       =   ----    ----
   DATA SIZE        =     13    ----
   IDATA SIZE       =   ----    ----
   BIT SIZE         =   ----    ----
END OF MODULE INFORMATION.


C51 COMPILATION COMPLETE.  0 WARNING(S),  0 ERROR(S)
